[Test]: Add operator
98
98
b
b
---------------------
[Test]: Sub operator
-98
98
1
a
---------------------
[Test]: Multiply operator
2
65
0
80
---------------------
[Test]: Pow operator
1024
0
1
---------------------
[Test]: Divide operator
1
2
0
7
---------------------
[Test]: Mod operator
1
3
10
0
---------------------
[Test]: Unary minus operator
-97
-113
-3
---------------------
[Test]: Logical not operator
True
False
True
---------------------
[Test]: Get array element operator
99
1
2
---------------------
[Test]: Eq, not eq operators
True
False
False
True
 
True
True
True
True
False
False
 
True
False
True
False
 
True
False
False
True
---------------------
[Test]: Lss, gtr, lss_eq, gtr_eq operators
1
False
False
True
True
2
True
False
True
False
3
False
True
False
True
4
False
False
True
True
5
True
False
True
False
6
False
True
False
True
7
False
False
True
True
8
False
False
True
True
9
True
False
True
False
10
False
True
False
True
---------------------
[Test]: Logical and, or, xor operators
True
False
False
False
 
True
True
True
False
 
False
True
True
False
---------------------
