Bzbzb
 
HelloHello
HelloHello
Hello	Hello
Hello
Hello
HelloHello
HelloHello
Hello"Hello
Hello'Hello
 
HelloHello
HelloHello
Hello	Hello
Hello
Hello
HelloHello
HelloHello
Hello"Hello
Hello'Hello
